patc1.exe self_hosting\build\patc1_all.patlang patc2.exe --x64
codegen_x64: unsupported IR instruction for Slice 1: Un
codegen_x64: unsupported IR instruction for Slice 1: Un
codegen_x64: unsupported IR instruction for Slice 1: Un
codegen_x64: unsupported IR instruction for Slice 1: Un
codegen_x64: unsupported IR instruction for Slice 1: Un
codegen_x64: unsupported IR instruction for Slice 1: Un
codegen_x64: unsupported IR instruction for Slice 1: Un
codegen_x64: unsupported IR instruction for Slice 1: Un
codegen_x64: unsupported IR instruction for Slice 1: Un
codegen_x64: unsupported IR instruction for Slice 1: Un
codegen_x64: unsupported IR instruction for Slice 1: Un
codegen_x64: unsupported IR instruction for Slice 1: Un
codegen_x64: unsupported IR instruction for Slice 1: Un
codegen_x64: unsupported IR instruction for Slice 1: Un
codegen_x64: unsupported IR instruction for Slice 1: Un
codegen_x64: unsupported IR instruction for Slice 1: Un
codegen_x64: unsupported IR instruction for Slice 1: Un
codegen_x64: unsupported IR instruction for Slice 1: Un
codegen_x64: unsupported IR instruction for Slice 1: Un
codegen_x64: unsupported IR instruction for Slice 1: Un
codegen_x64: unsupported IR instruction for Slice 1: Un
codegen_x64: unsupported IR instruction for Slice 1: Un
codegen_x64: unsupported IR instruction for Slice 1: Un
codegen_x64: unsupported IR instruction for Slice 1: Un
codegen_x64: unsupported IR instruction for Slice 1: Un
codegen_x64: unsupported IR instruction for Slice 1: Un
codegen_x64: unsupported IR instruction for Slice 1: Un
codegen_x64: unsupported IR instruction for Slice 1: Un
codegen_x64: unsupported IR instruction for Slice 1: Un
codegen_x64: unsupported IR instruction for Slice 1: Un
codegen_x64: unsupported IR instruction for Slice 1: Un
codegen_x64: unsupported IR instruction for Slice 1: Un
codegen_x64: unsupported IR instruction for Slice 1: Un
codegen_x64: unsupported IR instruction for Slice 1: Un
codegen_x64: unsupported IR instruction for Slice 1: Un
codegen_x64: unsupported IR instruction for Slice 1: Un
codegen_x64: unsupported IR instruction for Slice 1: Un
codegen_x64: unsupported IR instruction for Slice 1: Un
codegen_x64: unsupported IR instruction for Slice 1: Un
codegen_x64: unsupported IR instruction for Slice 1: Un
codegen_x64: unsupported IR instruction for Slice 1: Un
codegen_x64: unsupported IR instruction for Slice 1: Un
codegen_x64: unsupported IR instruction for Slice 1: Un
codegen_x64: unsupported IR instruction for Slice 1: Un
codegen_x64: unsupported IR instruction for Slice 1: Un
codegen_x64: unsupported IR instruction for Slice 1: Un
codegen_x64: unsupported IR instruction for Slice 1: Un
codegen_x64: unsupported IR instruction for Slice 1: Un
codegen_x64: unsupported IR instruction for Slice 1: Un
codegen_x64: unsupported IR instruction for Slice 1: Un
codegen_x64: unsupported IR instruction for Slice 1: Un
codegen_x64: unsupported IR instruction for Slice 1: Un
codegen_x64: unsupported IR instruction for Slice 1: Un
codegen_x64: unsupported IR instruction for Slice 1: Un
codegen_x64: unsupported IR instruction for Slice 1: Un
codegen_x64: unsupported IR instruction for Slice 1: Un
codegen_x64: unsupported IR instruction for Slice 1: Un
codegen_x64: unsupported primitive (not a real function and not in the OS-boundary allowlist): vec_new
codegen_x64: unsupported primitive (not a real function and not in the OS-boundary allowlist): vec_push
codegen_x64: unsupported IR instruction for Slice 1: Un
codegen_x64: unsupported IR instruction for Slice 1: Un
codegen_x64: unsupported IR instruction for Slice 1: Un
codegen_x64: unsupported IR instruction for Slice 1: Un
codegen_x64: unsupported IR instruction for Slice 1: Un
codegen_x64: unsupported IR instruction for Slice 1: Un
codegen_x64: unsupported IR instruction for Slice 1: Un
codegen_x64: unsupported IR instruction for Slice 1: Un
codegen_x64: unsupported IR instruction for Slice 1: Un
codegen_x64: unsupported IR instruction for Slice 1: Un
codegen_x64: unsupported IR instruction for Slice 1: Un
codegen_x64: unsupported IR instruction for Slice 1: Un
codegen_x64: unsupported IR instruction for Slice 1: Un
codegen_x64: unsupported IR instruction for Slice 1: Un
codegen_x64: unsupported IR instruction for Slice 1: Un
codegen_x64: unsupported primitive (not a real function and not in the OS-boundary allowlist): vec_push
codegen_x64: unsupported IR instruction for Slice 1: Un
codegen_x64: unsupported IR instruction for Slice 1: Un
codegen_x64: unsupported IR instruction for Slice 1: Un
codegen_x64: unsupported IR instruction for Slice 1: Un
codegen_x64: unsupported IR instruction for Slice 1: Un
codegen_x64: unsupported IR instruction for Slice 1: Un
codegen_x64: unsupported primitive (not a real function and not in the OS-boundary allowlist): vec_push
codegen_x64: unsupported IR instruction for Slice 1: Un
codegen_x64: unsupported IR instruction for Slice 1: Un
codegen_x64: unsupported IR instruction for Slice 1: Un
codegen_x64: unsupported primitive (not a real function and not in the OS-boundary allowlist): vec_push
codegen_x64: unsupported IR instruction for Slice 1: Un
codegen_x64: unsupported IR instruction for Slice 1: Un
codegen_x64: unsupported IR instruction for Slice 1: Un
codegen_x64: unsupported IR instruction for Slice 1: Un
codegen_x64: unsupported IR instruction for Slice 1: Un
codegen_x64: unsupported IR instruction for Slice 1: Un
codegen_x64: unsupported IR instruction for Slice 1: Un
codegen_x64: unsupported IR instruction for Slice 1: Un
codegen_x64: unsupported IR instruction for Slice 1: Un
codegen_x64: unsupported IR instruction for Slice 1: Un
codegen_x64: unsupported IR instruction for Slice 1: Un
codegen_x64: unsupported IR instruction for Slice 1: Un
codegen_x64: unsupported IR instruction for Slice 1: Un
codegen_x64: unsupported IR instruction for Slice 1: Un
codegen_x64: unsupported IR instruction for Slice 1: Un
codegen_x64: unsupported primitive (not a real function and not in the OS-boundary allowlist): vec_push
codegen_x64: unsupported primitive (not a real function and not in the OS-boundary allowlist): vec_push
codegen_x64: unsupported primitive (not a real function and not in the OS-boundary allowlist): vec_push
codegen_x64: unsupported primitive (not a real function and not in the OS-boundary allowlist): vec_len
codegen_x64: unsupported primitive (not a real function and not in the OS-boundary allowlist): vec_get
codegen_x64: unsupported primitive (not a real function and not in the OS-boundary allowlist): print
codegen_x64: unsupported IR instruction for Slice 1: Un
codegen_x64: unsupported IR instruction for Slice 1: Un
codegen_x64: unsupported IR instruction for Slice 1: Un
codegen_x64: unsupported primitive (not a real function and not in the OS-boundary allowlist): vec_get
codegen_x64: unsupported primitive (not a real function and not in the OS-boundary allowlist): vec_get
codegen_x64: unsupported primitive (not a real function and not in the OS-boundary allowlist): vec_get
codegen_x64: unsupported primitive (not a real function and not in the OS-boundary allowlist): vec_get
codegen_x64: unsupported primitive (not a real function and not in the OS-boundary allowlist): vec_get
codegen_x64: unsupported primitive (not a real function and not in the OS-boundary allowlist): vec_get
codegen_x64: unsupported IR instruction for Slice 1: Un
codegen_x64: unsupported IR instruction for Slice 1: Un
codegen_x64: unsupported IR instruction for Slice 1: Un
codegen_x64: unsupported IR instruction for Slice 1: Un
codegen_x64: unsupported primitive (not a real function and not in the OS-boundary allowlist): vec_get
codegen_x64: unsupported IR instruction for Slice 1: Un
codegen_x64: unsupported IR instruction for Slice 1: Un
codegen_x64: unsupported primitive (not a real function and not in the OS-boundary allowlist): vec_get
codegen_x64: unsupported IR instruction for Slice 1: Un
codegen_x64: unsupported primitive (not a real function and not in the OS-boundary allowlist): vec_get
codegen_x64: unsupported IR instruction for Slice 1: Un
codegen_x64: unsupported IR instruction for Slice 1: Un
codegen_x64: unsupported IR instruction for Slice 1: Un
codegen_x64: unsupported primitive (not a real function and not in the OS-boundary allowlist): vec_get
codegen_x64: unsupported IR instruction for Slice 1: Un
codegen_x64: unsupported IR instruction for Slice 1: Un
codegen_x64: unsupported primitive (not a real function and not in the OS-boundary allowlist): vec_get
codegen_x64: unsupported primitive (not a real function and not in the OS-boundary allowlist): vec_get
codegen_x64: unsupported primitive (not a real function and not in the OS-boundary allowlist): vec_get
codegen_x64: unsupported primitive (not a real function and not in the OS-boundary allowlist): vec_get
codegen_x64: unsupported primitive (not a real function and not in the OS-boundary allowlist): vec_get
codegen_x64: unsupported IR instruction for Slice 1: Un
codegen_x64: unsupported IR instruction for Slice 1: Un
codegen_x64: unsupported IR instruction for Slice 1: Un
codegen_x64: unsupported primitive (not a real function and not in the OS-boundary allowlist): vec_get
codegen_x64: unsupported primitive (not a real function and not in the OS-boundary allowlist): vec_get
codegen_x64: unsupported primitive (not a real function and not in the OS-boundary allowlist): vec_get
codegen_x64: unsupported primitive (not a real function and not in the OS-boundary allowlist): vec_get
codegen_x64: unsupported primitive (not a real function and not in the OS-boundary allowlist): vec_get
codegen_x64: unsupported primitive (not a real function and not in the OS-boundary allowlist): vec_get
codegen_x64: unsupported primitive (not a real function and not in the OS-boundary allowlist): vec_get
codegen_x64: unsupported primitive (not a real function and not in the OS-boundary allowlist): vec_get
codegen_x64: unsupported primitive (not a real function and not in the OS-boundary allowlist): vec_get
codegen_x64: unsupported primitive (not a real function and not in the OS-boundary allowlist): vec_get
codegen_x64: unsupported primitive (not a real function and not in the OS-boundary allowlist): vec_get
codegen_x64: unsupported primitive (not a real function and not in the OS-boundary allowlist): vec_get
codegen_x64: unsupported primitive (not a real function and not in the OS-boundary allowlist): vec_get
codegen_x64: unsupported primitive (not a real function and not in the OS-boundary allowlist): vec_get
codegen_x64: unsupported IR instruction for Slice 1: Un
codegen_x64: unsupported IR instruction for Slice 1: Un
codegen_x64: unsupported IR instruction for Slice 1: Un
codegen_x64: unsupported primitive (not a real function and not in the OS-boundary allowlist): vec_get
codegen_x64: unsupported IR instruction for Slice 1: Un
codegen_x64: unsupported IR instruction for Slice 1: Un
codegen_x64: unsupported IR instruction for Slice 1: Un
codegen_x64: unsupported primitive (not a real function and not in the OS-boundary allowlist): vec_get
codegen_x64: unsupported primitive (not a real function and not in the OS-boundary allowlist): vec_get
codegen_x64: unsupported primitive (not a real function and not in the OS-boundary allowlist): vec_get
codegen_x64: unsupported primitive (not a real function and not in the OS-boundary allowlist): vec_get
codegen_x64: unsupported primitive (not a real function and not in the OS-boundary allowlist): vec_get
codegen_x64: unsupported primitive (not a real function and not in the OS-boundary allowlist): vec_get
codegen_x64: unsupported primitive (not a real function and not in the OS-boundary allowlist): vec_get
codegen_x64: unsupported primitive (not a real function and not in the OS-boundary allowlist): vec_get
codegen_x64: unsupported primitive (not a real function and not in the OS-boundary allowlist): vec_get
codegen_x64: unsupported primitive (not a real function and not in the OS-boundary allowlist): vec_get
codegen_x64: unsupported primitive (not a real function and not in the OS-boundary allowlist): vec_get
codegen_x64: unsupported primitive (not a real function and not in the OS-boundary allowlist): vec_get
codegen_x64: unsupported primitive (not a real function and not in the OS-boundary allowlist): vec_get
codegen_x64: unsupported IR instruction for Slice 1: Un
codegen_x64: unsupported IR instruction for Slice 1: Un
codegen_x64: unsupported IR instruction for Slice 1: Un
codegen_x64: unsupported IR instruction for Slice 1: Un
codegen_x64: unsupported IR instruction for Slice 1: Un
codegen_x64: unsupported IR instruction for Slice 1: Un
codegen_x64: unsupported IR instruction for Slice 1: Un
codegen_x64: unsupported IR instruction for Slice 1: Un
codegen_x64: unsupported IR instruction for Slice 1: Un
codegen_x64: unsupported primitive (not a real function and not in the OS-boundary allowlist): vec_get
codegen_x64: unsupported primitive (not a real function and not in the OS-boundary allowlist): vec_get
codegen_x64: unsupported IR instruction for Slice 1: Un
codegen_x64: unsupported IR instruction for Slice 1: Un
codegen_x64: unsupported IR instruction for Slice 1: Un
codegen_x64: unsupported IR instruction for Slice 1: Un
codegen_x64: unsupported IR instruction for Slice 1: Un
codegen_x64: unsupported IR instruction for Slice 1: Un
codegen_x64: unsupported primitive (not a real function and not in the OS-boundary allowlist): vec_get
codegen_x64: unsupported primitive (not a real function and not in the OS-boundary allowlist): vec_get
codegen_x64: unsupported IR instruction for Slice 1: Un
codegen_x64: unsupported IR instruction for Slice 1: Un
codegen_x64: unsupported IR instruction for Slice 1: Un
codegen_x64: unsupported IR instruction for Slice 1: Un
codegen_x64: unsupported IR instruction for Slice 1: Un
codegen_x64: unsupported IR instruction for Slice 1: Un
codegen_x64: unsupported IR instruction for Slice 1: Un
codegen_x64: unsupported IR instruction for Slice 1: Un
codegen_x64: unsupported IR instruction for Slice 1: Un
codegen_x64: unsupported IR instruction for Slice 1: Un
codegen_x64: unsupported IR instruction for Slice 1: Un
codegen_x64: unsupported IR instruction for Slice 1: Un
codegen_x64: unsupported IR instruction for Slice 1: Un
codegen_x64: unsupported IR instruction for Slice 1: Un
codegen_x64: unsupported IR instruction for Slice 1: Un
codegen_x64: unsupported IR instruction for Slice 1: Un
codegen_x64: unsupported IR instruction for Slice 1: Un
codegen_x64: unsupported IR instruction for Slice 1: Un
codegen_x64: unsupported primitive (not a real function and not in the OS-boundary allowlist): vec_get
codegen_x64: unsupported primitive (not a real function and not in the OS-boundary allowlist): vec_get
codegen_x64: unsupported primitive (not a real function and not in the OS-boundary allowlist): vec_get
codegen_x64: unsupported IR instruction for Slice 1: Un
codegen_x64: unsupported IR instruction for Slice 1: Un
codegen_x64: unsupported IR instruction for Slice 1: Un
codegen_x64: unsupported IR instruction for Slice 1: Un
codegen_x64: unsupported IR instruction for Slice 1: Un
codegen_x64: unsupported IR instruction for Slice 1: Un
codegen_x64: unsupported IR instruction for Slice 1: Un
codegen_x64: unsupported IR instruction for Slice 1: Un
codegen_x64: unsupported IR instruction for Slice 1: Un
codegen_x64: unsupported IR instruction for Slice 1: Un
codegen_x64: unsupported IR instruction for Slice 1: Un
codegen_x64: unsupported IR instruction for Slice 1: Un
codegen_x64: unsupported primitive (not a real function and not in the OS-boundary allowlist): vec_get
codegen_x64: unsupported primitive (not a real function and not in the OS-boundary allowlist): vec_get
codegen_x64: unsupported primitive (not a real function and not in the OS-boundary allowlist): vec_get
codegen_x64: unsupported primitive (not a real function and not in the OS-boundary allowlist): vec_get
codegen_x64: unsupported primitive (not a real function and not in the OS-boundary allowlist): vec_get
codegen_x64: unsupported primitive (not a real function and not in the OS-boundary allowlist): vec_get
codegen_x64: unsupported primitive (not a real function and not in the OS-boundary allowlist): vec_get
codegen_x64: unsupported primitive (not a real function and not in the OS-boundary allowlist): vec_get
codegen_x64: unsupported primitive (not a real function and not in the OS-boundary allowlist): vec_get
codegen_x64: unsupported primitive (not a real function and not in the OS-boundary allowlist): vec_get
codegen_x64: unsupported primitive (not a real function and not in the OS-boundary allowlist): vec_get
codegen_x64: unsupported primitive (not a real function and not in the OS-boundary allowlist): vec_get
codegen_x64: unsupported primitive (not a real function and not in the OS-boundary allowlist): vec_get
codegen_x64: unsupported primitive (not a real function and not in the OS-boundary allowlist): vec_get
codegen_x64: unsupported primitive (not a real function and not in the OS-boundary allowlist): vec_get
codegen_x64: unsupported primitive (not a real function and not in the OS-boundary allowlist): vec_get
codegen_x64: unsupported primitive (not a real function and not in the OS-boundary allowlist): vec_get
codegen_x64: unsupported primitive (not a real function and not in the OS-boundary allowlist): vec_get
codegen_x64: unsupported primitive (not a real function and not in the OS-boundary allowlist): vec_get
codegen_x64: unsupported primitive (not a real function and not in the OS-boundary allowlist): vec_get
codegen_x64: unsupported primitive (not a real function and not in the OS-boundary allowlist): vec_get
codegen_x64: unsupported primitive (not a real function and not in the OS-boundary allowlist): vec_get
codegen_x64: unsupported primitive (not a real function and not in the OS-boundary allowlist): vec_get
codegen_x64: unsupported primitive (not a real function and not in the OS-boundary allowlist): vec_get
codegen_x64: unsupported primitive (not a real function and not in the OS-boundary allowlist): vec_get
codegen_x64: unsupported primitive (not a real function and not in the OS-boundary allowlist): vec_get
codegen_x64: unsupported primitive (not a real function and not in the OS-boundary allowlist): vec_get
codegen_x64: unsupported primitive (not a real function and not in the OS-boundary allowlist): vec_get
codegen_x64: unsupported primitive (not a real function and not in the OS-boundary allowlist): vec_get
codegen_x64: unsupported primitive (not a real function and not in the OS-boundary allowlist): vec_get
codegen_x64: unsupported primitive (not a real function and not in the OS-boundary allowlist): vec_get
codegen_x64: unsupported primitive (not a real function and not in the OS-boundary allowlist): vec_get
codegen_x64: unsupported primitive (not a real function and not in the OS-boundary allowlist): vec_get
codegen_x64: unsupported primitive (not a real function and not in the OS-boundary allowlist): vec_get
codegen_x64: unsupported primitive (not a real function and not in the OS-boundary allowlist): vec_get
codegen_x64: unsupported primitive (not a real function and not in the OS-boundary allowlist): vec_get
codegen_x64: unsupported primitive (not a real function and not in the OS-boundary allowlist): vec_get
codegen_x64: unsupported primitive (not a real function and not in the OS-boundary allowlist): vec_get
codegen_x64: unsupported primitive (not a real function and not in the OS-boundary allowlist): vec_get
codegen_x64: unsupported primitive (not a real function and not in the OS-boundary allowlist): vec_get
codegen_x64: unsupported primitive (not a real function and not in the OS-boundary allowlist): vec_get
codegen_x64: unsupported primitive (not a real function and not in the OS-boundary allowlist): vec_get
codegen_x64: unsupported primitive (not a real function and not in the OS-boundary allowlist): vec_get
codegen_x64: unsupported primitive (not a real function and not in the OS-boundary allowlist): vec_get
codegen_x64: unsupported primitive (not a real function and not in the OS-boundary allowlist): vec_get
codegen_x64: unsupported primitive (not a real function and not in the OS-boundary allowlist): vec_get
codegen_x64: unsupported primitive (not a real function and not in the OS-boundary allowlist): vec_get
codegen_x64: unsupported primitive (not a real function and not in the OS-boundary allowlist): vec_get
codegen_x64: unsupported primitive (not a real function and not in the OS-boundary allowlist): vec_get
codegen_x64: unsupported primitive (not a real function and not in the OS-boundary allowlist): vec_get
codegen_x64: unsupported primitive (not a real function and not in the OS-boundary allowlist): vec_get
codegen_x64: unsupported primitive (not a real function and not in the OS-boundary allowlist): vec_get
codegen_x64: unsupported primitive (not a real function and not in the OS-boundary allowlist): vec_get
codegen_x64: unsupported primitive (not a real function and not in the OS-boundary allowlist): vec_get
codegen_x64: unsupported primitive (not a real function and not in the OS-boundary allowlist): vec_get
codegen_x64: unsupported primitive (not a real function and not in the OS-boundary allowlist): vec_get
codegen_x64: unsupported primitive (not a real function and not in the OS-boundary allowlist): vec_get
codegen_x64: unsupported primitive (not a real function and not in the OS-boundary allowlist): vec_get
codegen_x64: unsupported primitive (not a real function and not in the OS-boundary allowlist): vec_get
codegen_x64: unsupported primitive (not a real function and not in the OS-boundary allowlist): vec_get
codegen_x64: unsupported primitive (not a real function and not in the OS-boundary allowlist): vec_get
codegen_x64: unsupported primitive (not a real function and not in the OS-boundary allowlist): vec_get
codegen_x64: unsupported primitive (not a real function and not in the OS-boundary allowlist): vec_get
codegen_x64: unsupported primitive (not a real function and not in the OS-boundary allowlist): vec_get
codegen_x64: unsupported primitive (not a real function and not in the OS-boundary allowlist): vec_get
codegen_x64: unsupported primitive (not a real function and not in the OS-boundary allowlist): vec_get
codegen_x64: unsupported primitive (not a real function and not in the OS-boundary allowlist): vec_get
codegen_x64: unsupported primitive (not a real function and not in the OS-boundary allowlist): vec_get
codegen_x64: unsupported primitive (not a real function and not in the OS-boundary allowlist): vec_get
codegen_x64: unsupported primitive (not a real function and not in the OS-boundary allowlist): vec_get
codegen_x64: unsupported primitive (not a real function and not in the OS-boundary allowlist): vec_get
codegen_x64: unsupported primitive (not a real function and not in the OS-boundary allowlist): vec_get
codegen_x64: unsupported primitive (not a real function and not in the OS-boundary allowlist): vec_get
codegen_x64: unsupported primitive (not a real function and not in the OS-boundary allowlist): vec_get
codegen_x64: unsupported primitive (not a real function and not in the OS-boundary allowlist): vec_get
codegen_x64: unsupported primitive (not a real function and not in the OS-boundary allowlist): vec_get
codegen_x64: unsupported primitive (not a real function and not in the OS-boundary allowlist): vec_get
codegen_x64: unsupported IR instruction for Slice 1: Un
codegen_x64: unsupported IR instruction for Slice 1: Un
codegen_x64: unsupported IR instruction for Slice 1: Un
codegen_x64: unsupported IR instruction for Slice 1: Un
codegen_x64: unsupported IR instruction for Slice 1: Un
codegen_x64: unsupported IR instruction for Slice 1: Un
codegen_x64: unsupported IR instruction for Slice 1: Un
codegen_x64: unsupported primitive (not a real function and not in the OS-boundary allowlist): vec_get
codegen_x64: unsupported IR instruction for Slice 1: Un
codegen_x64: unsupported IR instruction for Slice 1: Un
codegen_x64: unsupported IR instruction for Slice 1: Un
codegen_x64: unsupported primitive (not a real function and not in the OS-boundary allowlist): vec_get
codegen_x64: unsupported IR instruction for Slice 1: Un
codegen_x64: unsupported IR instruction for Slice 1: Un
codegen_x64: unsupported IR instruction for Slice 1: Un
codegen_x64: unsupported IR instruction for Slice 1: Un
codegen_x64: unsupported IR instruction for Slice 1: Un
codegen_x64: unsupported IR instruction for Slice 1: Un
codegen_x64: unsupported primitive (not a real function and not in the OS-boundary allowlist): vec_get
codegen_x64: unsupported IR instruction for Slice 1: Un
codegen_x64: unsupported IR instruction for Slice 1: Un
codegen_x64: unsupported primitive (not a real function and not in the OS-boundary allowlist): vec_get
codegen_x64: unsupported primitive (not a real function and not in the OS-boundary allowlist): vec_get
codegen_x64: unsupported IR instruction for Slice 1: Un
codegen_x64: unsupported IR instruction for Slice 1: Un
codegen_x64: unsupported IR instruction for Slice 1: Un
codegen_x64: unsupported primitive (not a real function and not in the OS-boundary allowlist): vec_get
codegen_x64: unsupported primitive (not a real function and not in the OS-boundary allowlist): vec_get
codegen_x64: unsupported primitive (not a real function and not in the OS-boundary allowlist): vec_get
codegen_x64: unsupported IR instruction for Slice 1: Un
codegen_x64: unsupported IR instruction for Slice 1: Un
codegen_x64: unsupported IR instruction for Slice 1: Un
codegen_x64: unsupported IR instruction for Slice 1: Un
codegen_x64: unsupported IR instruction for Slice 1: Un
codegen_x64: unsupported IR instruction for Slice 1: Un
codegen_x64: unsupported IR instruction for Slice 1: Un
codegen_x64: unsupported IR instruction for Slice 1: Un
codegen_x64: unsupported IR instruction for Slice 1: Un
codegen_x64: unsupported IR instruction for Slice 1: Un
codegen_x64: unsupported IR instruction for Slice 1: Un
codegen_x64: unsupported IR instruction for Slice 1: Un
codegen_x64: unsupported IR instruction for Slice 1: Un
codegen_x64: unsupported IR instruction for Slice 1: Un
codegen_x64: unsupported IR instruction for Slice 1: Un
codegen_x64: unsupported IR instruction for Slice 1: Un
codegen_x64: unsupported IR instruction for Slice 1: Un
codegen_x64: unsupported IR instruction for Slice 1: Un
codegen_x64: unsupported IR instruction for Slice 1: Un
codegen_x64: unsupported IR instruction for Slice 1: Un
codegen_x64: unsupported IR instruction for Slice 1: Un
codegen_x64: unsupported IR instruction for Slice 1: Un
codegen_x64: unsupported IR instruction for Slice 1: Un
codegen_x64: unsupported IR instruction for Slice 1: Un
codegen_x64: unsupported IR instruction for Slice 1: Un
codegen_x64: unsupported IR instruction for Slice 1: Un
codegen_x64: unsupported IR instruction for Slice 1: Un
codegen_x64: unsupported IR instruction for Slice 1: Un
codegen_x64: unsupported primitive (not a real function and not in the OS-boundary allowlist): char_code
codegen_x64: unsupported IR instruction for Slice 1: Un
codegen_x64: unsupported primitive (not a real function and not in the OS-boundary allowlist): char_code
codegen_x64: unsupported IR instruction for Slice 1: Un
codegen_x64: unsupported IR instruction for Slice 1: Un
codegen_x64: unsupported IR instruction for Slice 1: Un
codegen_x64: unsupported IR instruction for Slice 1: Un
codegen_x64: unsupported IR instruction for Slice 1: Un
codegen_x64: unsupported IR instruction for Slice 1: Un
codegen_x64: unsupported IR instruction for Slice 1: Un
codegen_x64: unsupported IR instruction for Slice 1: Un
codegen_x64: unsupported primitive (not a real function and not in the OS-boundary allowlist): vec_len
codegen_x64: unsupported primitive (not a real function and not in the OS-boundary allowlist): vec_get
codegen_x64: unsupported primitive (not a real function and not in the OS-boundary allowlist): vec_len
codegen_x64: unsupported IR instruction for Slice 1: Un
codegen_x64: unsupported IR instruction for Slice 1: Un
codegen_x64: unsupported IR instruction for Slice 1: Un
codegen_x64: unsupported IR instruction for Slice 1: Un
codegen_x64: unsupported primitive (not a real function and not in the OS-boundary allowlist): vec_get
codegen_x64: unsupported primitive (not a real function and not in the OS-boundary allowlist): vec_get
codegen_x64: unsupported primitive (not a real function and not in the OS-boundary allowlist): get
codegen_x64: unsupported IR instruction for Slice 1: Un
codegen_x64: unsupported primitive (not a real function and not in the OS-boundary allowlist): set_var
codegen_x64: unsupported primitive (not a real function and not in the OS-boundary allowlist): get
codegen_x64: unsupported IR instruction for Slice 1: Un
codegen_x64: unsupported primitive (not a real function and not in the OS-boundary allowlist): set_var
codegen_x64: unsupported primitive (not a real function and not in the OS-boundary allowlist): get
codegen_x64: unsupported IR instruction for Slice 1: Un
codegen_x64: unsupported primitive (not a real function and not in the OS-boundary allowlist): set_var
codegen_x64: unsupported primitive (not a real function and not in the OS-boundary allowlist): get
codegen_x64: unsupported IR instruction for Slice 1: Un
codegen_x64: unsupported primitive (not a real function and not in the OS-boundary allowlist): set_var
codegen_x64: unsupported primitive (not a real function and not in the OS-boundary allowlist): set_var
codegen_x64: unsupported primitive (not a real function and not in the OS-boundary allowlist): vec_push
codegen_x64: unsupported primitive (not a real function and not in the OS-boundary allowlist): vec_push
codegen_x64: unsupported primitive (not a real function and not in the OS-boundary allowlist): vec_push
codegen_x64: unsupported primitive (not a real function and not in the OS-boundary allowlist): vec_push
codegen_x64: unsupported primitive (not a real function and not in the OS-boundary allowlist): vec_push
codegen_x64: unsupported primitive (not a real function and not in the OS-boundary allowlist): vec_len
codegen_x64: unsupported primitive (not a real function and not in the OS-boundary allowlist): vec_push
codegen_x64: unsupported primitive (not a real function and not in the OS-boundary allowlist): vec_push
codegen_x64: unsupported primitive (not a real function and not in the OS-boundary allowlist): vec_len
codegen_x64: unsupported primitive (not a real function and not in the OS-boundary allowlist): vec_push
codegen_x64: unsupported primitive (not a real function and not in the OS-boundary allowlist): vec_len
codegen_x64: unsupported primitive (not a real function and not in the OS-boundary allowlist): vec_set
codegen_x64: unsupported primitive (not a real function and not in the OS-boundary allowlist): vec_push
codegen_x64: unsupported primitive (not a real function and not in the OS-boundary allowlist): vec_push
codegen_x64: unsupported primitive (not a real function and not in the OS-boundary allowlist): vec_len
codegen_x64: unsupported primitive (not a real function and not in the OS-boundary allowlist): vec_set
codegen_x64: unsupported primitive (not a real function and not in the OS-boundary allowlist): vec_push
codegen_x64: unsupported primitive (not a real function and not in the OS-boundary allowlist): vec_len
codegen_x64: unsupported primitive (not a real function and not in the OS-boundary allowlist): vec_push
codegen_x64: unsupported primitive (not a real function and not in the OS-boundary allowlist): vec_push
codegen_x64: unsupported primitive (not a real function and not in the OS-boundary allowlist): vec_push
codegen_x64: unsupported primitive (not a real function and not in the OS-boundary allowlist): vec_len
codegen_x64: unsupported primitive (not a real function and not in the OS-boundary allowlist): vec_push
codegen_x64: unsupported primitive (not a real function and not in the OS-boundary allowlist): vec_len
codegen_x64: unsupported primitive (not a real function and not in the OS-boundary allowlist): vec_set
codegen_x64: unsupported primitive (not a real function and not in the OS-boundary allowlist): vec_push
codegen_x64: unsupported primitive (not a real function and not in the OS-boundary allowlist): vec_len
codegen_x64: unsupported primitive (not a real function and not in the OS-boundary allowlist): vec_set
codegen_x64: unsupported primitive (not a real function and not in the OS-boundary allowlist): vec_push
codegen_x64: unsupported primitive (not a real function and not in the OS-boundary allowlist): vec_push
codegen_x64: unsupported primitive (not a real function and not in the OS-boundary allowlist): vec_push
codegen_x64: unsupported primitive (not a real function and not in the OS-boundary allowlist): vec_push
codegen_x64: unsupported primitive (not a real function and not in the OS-boundary allowlist): vec_push
codegen_x64: unsupported primitive (not a real function and not in the OS-boundary allowlist): vec_push
codegen_x64: unsupported primitive (not a real function and not in the OS-boundary allowlist): vec_push
codegen_x64: unsupported primitive (not a real function and not in the OS-boundary allowlist): vec_push
codegen_x64: unsupported IR instruction for Slice 1: Un
codegen_x64: unsupported IR instruction for Slice 1: Un
codegen_x64: unsupported IR instruction for Slice 1: Un
codegen_x64: unsupported primitive (not a real function and not in the OS-boundary allowlist): vec_push
codegen_x64: unsupported primitive (not a real function and not in the OS-boundary allowlist): vec_push
codegen_x64: unsupported primitive (not a real function and not in the OS-boundary allowlist): vec_push
codegen_x64: unsupported primitive (not a real function and not in the OS-boundary allowlist): vec_push
codegen_x64: unsupported primitive (not a real function and not in the OS-boundary allowlist): vec_to_list
codegen_x64: unsupported primitive (not a real function and not in the OS-boundary allowlist): vec_new
codegen_x64: unsupported primitive (not a real function and not in the OS-boundary allowlist): vec_new
codegen_x64: unsupported primitive (not a real function and not in the OS-boundary allowlist): vec_push
codegen_x64: unsupported primitive (not a real function and not in the OS-boundary allowlist): vec_push
codegen_x64: unsupported primitive (not a real function and not in the OS-boundary allowlist): vec_new
codegen_x64: unsupported primitive (not a real function and not in the OS-boundary allowlist): vec_push
codegen_x64: unsupported primitive (not a real function and not in the OS-boundary allowlist): vec_to_list
codegen_x64: unsupported primitive (not a real function and not in the OS-boundary allowlist): vec_push
codegen_x64: unsupported primitive (not a real function and not in the OS-boundary allowlist): vec_push
codegen_x64: unsupported primitive (not a real function and not in the OS-boundary allowlist): vec_push
codegen_x64: unsupported primitive (not a real function and not in the OS-boundary allowlist): vec_to_list
codegen_x64: unsupported primitive (not a real function and not in the OS-boundary allowlist): vec_new
codegen_x64: unsupported primitive (not a real function and not in the OS-boundary allowlist): vec_new
codegen_x64: unsupported primitive (not a real function and not in the OS-boundary allowlist): vec_push
codegen_x64: unsupported primitive (not a real function and not in the OS-boundary allowlist): vec_push
codegen_x64: unsupported primitive (not a real function and not in the OS-boundary allowlist): vec_push
codegen_x64: unsupported primitive (not a real function and not in the OS-boundary allowlist): vec_push
codegen_x64: unsupported primitive (not a real function and not in the OS-boundary allowlist): vec_new
codegen_x64: unsupported primitive (not a real function and not in the OS-boundary allowlist): vec_push
codegen_x64: unsupported primitive (not a real function and not in the OS-boundary allowlist): vec_push
codegen_x64: unsupported primitive (not a real function and not in the OS-boundary allowlist): vec_push
codegen_x64: unsupported primitive (not a real function and not in the OS-boundary allowlist): vec_push
codegen_x64: unsupported primitive (not a real function and not in the OS-boundary allowlist): vec_push
codegen_x64: unsupported primitive (not a real function and not in the OS-boundary allowlist): vec_to_list
codegen_x64: unsupported primitive (not a real function and not in the OS-boundary allowlist): vec_push
codegen_x64: unsupported primitive (not a real function and not in the OS-boundary allowlist): vec_push
codegen_x64: unsupported primitive (not a real function and not in the OS-boundary allowlist): vec_push
codegen_x64: unsupported primitive (not a real function and not in the OS-boundary allowlist): vec_push
codegen_x64: unsupported primitive (not a real function and not in the OS-boundary allowlist): vec_push
codegen_x64: unsupported IR instruction for Slice 1: Un
codegen_x64: unsupported IR instruction for Slice 1: Un
codegen_x64: unsupported IR instruction for Slice 1: Un
codegen_x64: unsupported IR instruction for Slice 1: Un
codegen_x64: unsupported IR instruction for Slice 1: Un
codegen_x64: unsupported IR instruction for Slice 1: Un
codegen_x64: unsupported IR instruction for Slice 1: Un
codegen_x64: unsupported primitive (not a real function and not in the OS-boundary allowlist): vec_push
codegen_x64: unsupported primitive (not a real function and not in the OS-boundary allowlist): vec_push
codegen_x64: unsupported primitive (not a real function and not in the OS-boundary allowlist): vec_push
codegen_x64: unsupported primitive (not a real function and not in the OS-boundary allowlist): vec_push
codegen_x64: unsupported primitive (not a real function and not in the OS-boundary allowlist): vec_push
codegen_x64: unsupported primitive (not a real function and not in the OS-boundary allowlist): vec_push
codegen_x64: unsupported primitive (not a real function and not in the OS-boundary allowlist): vec_push
codegen_x64: unsupported primitive (not a real function and not in the OS-boundary allowlist): vec_push
codegen_x64: unsupported primitive (not a real function and not in the OS-boundary allowlist): vec_push
codegen_x64: unsupported primitive (not a real function and not in the OS-boundary allowlist): vec_push
codegen_x64: unsupported primitive (not a real function and not in the OS-boundary allowlist): vec_push
codegen_x64: unsupported primitive (not a real function and not in the OS-boundary allowlist): vec_push
codegen_x64: unsupported primitive (not a real function and not in the OS-boundary allowlist): vec_push
codegen_x64: unsupported primitive (not a real function and not in the OS-boundary allowlist): vec_push
codegen_x64: unsupported IR instruction for Slice 1: Un
codegen_x64: unsupported IR instruction for Slice 1: Un
codegen_x64: unsupported IR instruction for Slice 1: Un
codegen_x64: unsupported IR instruction for Slice 1: Un
codegen_x64: unsupported IR instruction for Slice 1: Un
codegen_x64: unsupported IR instruction for Slice 1: Un
codegen_x64: unsupported primitive (not a real function and not in the OS-boundary allowlist): vec_push
codegen_x64: unsupported primitive (not a real function and not in the OS-boundary allowlist): vec_push
codegen_x64: unsupported primitive (not a real function and not in the OS-boundary allowlist): vec_len
codegen_x64: unsupported primitive (not a real function and not in the OS-boundary allowlist): vec_push
codegen_x64: unsupported primitive (not a real function and not in the OS-boundary allowlist): vec_len
codegen_x64: unsupported primitive (not a real function and not in the OS-boundary allowlist): vec_push
codegen_x64: unsupported primitive (not a real function and not in the OS-boundary allowlist): vec_len
codegen_x64: unsupported primitive (not a real function and not in the OS-boundary allowlist): vec_set
codegen_x64: unsupported primitive (not a real function and not in the OS-boundary allowlist): vec_len
codegen_x64: unsupported primitive (not a real function and not in the OS-boundary allowlist): vec_set
codegen_x64: unsupported primitive (not a real function and not in the OS-boundary allowlist): vec_len
codegen_x64: unsupported primitive (not a real function and not in the OS-boundary allowlist): vec_len
codegen_x64: unsupported primitive (not a real function and not in the OS-boundary allowlist): vec_push
codegen_x64: unsupported primitive (not a real function and not in the OS-boundary allowlist): vec_push
codegen_x64: unsupported primitive (not a real function and not in the OS-boundary allowlist): vec_push
codegen_x64: unsupported primitive (not a real function and not in the OS-boundary allowlist): vec_len
codegen_x64: unsupported primitive (not a real function and not in the OS-boundary allowlist): vec_set
codegen_x64: unsupported primitive (not a real function and not in the OS-boundary allowlist): vec_push
codegen_x64: unsupported primitive (not a real function and not in the OS-boundary allowlist): vec_push
codegen_x64: unsupported primitive (not a real function and not in the OS-boundary allowlist): vec_push
codegen_x64: unsupported primitive (not a real function and not in the OS-boundary allowlist): vec_push
codegen_x64: unsupported primitive (not a real function and not in the OS-boundary allowlist): vec_push
codegen_x64: unsupported primitive (not a real function and not in the OS-boundary allowlist): vec_push
codegen_x64: unsupported primitive (not a real function and not in the OS-boundary allowlist): vec_push
codegen_x64: unsupported primitive (not a real function and not in the OS-boundary allowlist): vec_push
codegen_x64: unsupported primitive (not a real function and not in the OS-boundary allowlist): vec_push
codegen_x64: unsupported primitive (not a real function and not in the OS-boundary allowlist): vec_push
codegen_x64: unsupported primitive (not a real function and not in the OS-boundary allowlist): vec_push
codegen_x64: unsupported primitive (not a real function and not in the OS-boundary allowlist): vec_push
codegen_x64: unsupported primitive (not a real function and not in the OS-boundary allowlist): vec_push
codegen_x64: unsupported primitive (not a real function and not in the OS-boundary allowlist): vec_push
codegen_x64: unsupported primitive (not a real function and not in the OS-boundary allowlist): vec_push
codegen_x64: unsupported primitive (not a real function and not in the OS-boundary allowlist): vec_push
codegen_x64: unsupported primitive (not a real function and not in the OS-boundary allowlist): vec_push
codegen_x64: unsupported primitive (not a real function and not in the OS-boundary allowlist): vec_push
codegen_x64: unsupported primitive (not a real function and not in the OS-boundary allowlist): vec_push
codegen_x64: unsupported primitive (not a real function and not in the OS-boundary allowlist): vec_push
codegen_x64: unsupported primitive (not a real function and not in the OS-boundary allowlist): set_var
codegen_x64: unsupported primitive (not a real function and not in the OS-boundary allowlist): vec_new
codegen_x64: unsupported primitive (not a real function and not in the OS-boundary allowlist): vec_new
codegen_x64: unsupported primitive (not a real function and not in the OS-boundary allowlist): vec_new
codegen_x64: unsupported primitive (not a real function and not in the OS-boundary allowlist): vec_new
codegen_x64: unsupported primitive (not a real function and not in the OS-boundary allowlist): vec_new
codegen_x64: unsupported primitive (not a real function and not in the OS-boundary allowlist): vec_new
codegen_x64: unsupported primitive (not a real function and not in the OS-boundary allowlist): vec_push
codegen_x64: unsupported primitive (not a real function and not in the OS-boundary allowlist): vec_push
codegen_x64: unsupported primitive (not a real function and not in the OS-boundary allowlist): vec_new
codegen_x64: unsupported primitive (not a real function and not in the OS-boundary allowlist): vec_push
codegen_x64: unsupported primitive (not a real function and not in the OS-boundary allowlist): vec_to_list
codegen_x64: unsupported primitive (not a real function and not in the OS-boundary allowlist): vec_new
codegen_x64: unsupported primitive (not a real function and not in the OS-boundary allowlist): vec_new
codegen_x64: unsupported primitive (not a real function and not in the OS-boundary allowlist): vec_push
codegen_x64: unsupported primitive (not a real function and not in the OS-boundary allowlist): vec_push
codegen_x64: unsupported primitive (not a real function and not in the OS-boundary allowlist): vec_push
codegen_x64: unsupported primitive (not a real function and not in the OS-boundary allowlist): vec_push
codegen_x64: unsupported primitive (not a real function and not in the OS-boundary allowlist): vec_new
codegen_x64: unsupported primitive (not a real function and not in the OS-boundary allowlist): vec_push
codegen_x64: unsupported primitive (not a real function and not in the OS-boundary allowlist): vec_to_list
codegen_x64: unsupported primitive (not a real function and not in the OS-boundary allowlist): vec_push
codegen_x64: unsupported primitive (not a real function and not in the OS-boundary allowlist): vec_to_list
codegen_x64: unsupported primitive (not a real function and not in the OS-boundary allowlist): vec_to_list
codegen_x64: unsupported primitive (not a real function and not in the OS-boundary allowlist): char_code
codegen_x64: unsupported primitive (not a real function and not in the OS-boundary allowlist): char_code
codegen_x64: unsupported IR instruction for Slice 1: Un
codegen_x64: unsupported primitive (not a real function and not in the OS-boundary allowlist): char_code
codegen_x64: unsupported IR instruction for Slice 1: Un
codegen_x64: unsupported IR instruction for Slice 1: Un
codegen_x64: unsupported IR instruction for Slice 1: Un
codegen_x64: unsupported primitive (not a real function and not in the OS-boundary allowlist): char_code
codegen_x64: unsupported IR instruction for Slice 1: Un
codegen_x64: unsupported IR instruction for Slice 1: Un
codegen_x64: unsupported IR instruction for Slice 1: Un
codegen_x64: unsupported IR instruction for Slice 1: Un
codegen_x64: unsupported IR instruction for Slice 1: Un
codegen_x64: unsupported IR instruction for Slice 1: Un
codegen_x64: unsupported IR instruction for Slice 1: Un
codegen_x64: unsupported IR instruction for Slice 1: Un
codegen_x64: unsupported primitive (not a real function and not in the OS-boundary allowlist): char_code
codegen_x64: unsupported IR instruction for Slice 1: Un
codegen_x64: unsupported primitive (not a real function and not in the OS-boundary allowlist): char_code
codegen_x64: unsupported IR instruction for Slice 1: Un
codegen_x64: unsupported IR instruction for Slice 1: Un
codegen_x64: unsupported IR instruction for Slice 1: Un
codegen_x64: unsupported primitive (not a real function and not in the OS-boundary allowlist): char_code
codegen_x64: unsupported IR instruction for Slice 1: Un
codegen_x64: unsupported IR instruction for Slice 1: Un
codegen_x64: unsupported IR instruction for Slice 1: Un
codegen_x64: unsupported IR instruction for Slice 1: Un
codegen_x64: unsupported IR instruction for Slice 1: Un
codegen_x64: unsupported IR instruction for Slice 1: Un
codegen_x64: unsupported IR instruction for Slice 1: Un
codegen_x64: unsupported IR instruction for Slice 1: Un
codegen_x64: unsupported primitive (not a real function and not in the OS-boundary allowlist): char_code
codegen_x64: unsupported IR instruction for Slice 1: Un
codegen_x64: unsupported primitive (not a real function and not in the OS-boundary allowlist): char_code
codegen_x64: unsupported IR instruction for Slice 1: Un
codegen_x64: unsupported IR instruction for Slice 1: Un
codegen_x64: unsupported IR instruction for Slice 1: Un
codegen_x64: unsupported IR instruction for Slice 1: Un
codegen_x64: unsupported primitive (not a real function and not in the OS-boundary allowlist): char_code
codegen_x64: unsupported IR instruction for Slice 1: Un
codegen_x64: unsupported IR instruction for Slice 1: Un
codegen_x64: unsupported IR instruction for Slice 1: Un
codegen_x64: unsupported IR instruction for Slice 1: Un
codegen_x64: unsupported primitive (not a real function and not in the OS-boundary allowlist): char_code
codegen_x64: unsupported IR instruction for Slice 1: Un
codegen_x64: unsupported IR instruction for Slice 1: Un
codegen_x64: unsupported primitive (not a real function and not in the OS-boundary allowlist): print
codegen_x64: unsupported IR instruction for Slice 1: Un
codegen_x64: unsupported IR instruction for Slice 1: Un
codegen_x64: unsupported IR instruction for Slice 1: Un
codegen_x64: unsupported primitive (not a real function and not in the OS-boundary allowlist): read_file
codegen_x64: unsupported IR instruction for Slice 1: Un
codegen_x64: unsupported primitive (not a real function and not in the OS-boundary allowlist): char_code
codegen_x64: unsupported IR instruction for Slice 1: Un
codegen_x64: unsupported IR instruction for Slice 1: Un
codegen_x64: unsupported IR instruction for Slice 1: Un
codegen_x64: unsupported primitive (not a real function and not in the OS-boundary allowlist): char_code
codegen_x64: unsupported IR instruction for Slice 1: Un
codegen_x64: unsupported IR instruction for Slice 1: Un
codegen_x64: unsupported primitive (not a real function and not in the OS-boundary allowlist): set_var
codegen_x64: unsupported primitive (not a real function and not in the OS-boundary allowlist): get
codegen_x64: unsupported primitive (not a real function and not in the OS-boundary allowlist): set_var
codegen_x64: unsupported primitive (not a real function and not in the OS-boundary allowlist): print
codegen_x64: unsupported primitive (not a real function and not in the OS-boundary allowlist): print
codegen_x64: unsupported primitive (not a real function and not in the OS-boundary allowlist): print
codegen_x64: unsupported primitive (not a real function and not in the OS-boundary allowlist): get
codegen_x64: unsupported primitive (not a real function and not in the OS-boundary allowlist): set_var
codegen_x64: unsupported primitive (not a real function and not in the OS-boundary allowlist): print
codegen_x64: unsupported IR instruction for Slice 1: Un
codegen_x64: unsupported IR instruction for Slice 1: Un
codegen_x64: unsupported IR instruction for Slice 1: Un
codegen_x64: unsupported primitive (not a real function and not in the OS-boundary allowlist): write_file
codegen_x64: unsupported primitive (not a real function and not in the OS-boundary allowlist): argv
codegen_x64: unsupported primitive (not a real function and not in the OS-boundary allowlist): print
codegen_x64: unsupported primitive (not a real function and not in the OS-boundary allowlist): print
codegen_x64: unsupported primitive (not a real function and not in the OS-boundary allowlist): read_file
codegen_x64: unsupported primitive (not a real function and not in the OS-boundary allowlist): read_file
codegen_x64: unsupported primitive (not a real function and not in the OS-boundary allowlist): print
codegen_x64: unsupported primitive (not a real function and not in the OS-boundary allowlist): print
codegen_x64: unsupported primitive (not a real function and not in the OS-boundary allowlist): rustc_build
codegen_x64: unsupported primitive (not a real function and not in the OS-boundary allowlist): rustc_build
codegen_x64: unsupported primitive (not a real function and not in the OS-boundary allowlist): rustc_build
codegen_x64: unsupported primitive (not a real function and not in the OS-boundary allowlist): print
